wifi.c:60:15:WIFI_Init	24	static
wifi.c:86:15:WIFI_ListAccessPoints	464	static
wifi.c:121:15:WIFI_Connect	32	static
wifi.c:143:15:WIFI_GetMAC_Address	24	static
wifi.c:158:15:WIFI_GetIP_Address	24	static
wifi.c:175:15:WIFI_Disconnect	16	static
wifi.c:196:15:WIFI_ConfigureAP	96	static
wifi.c:219:15:WIFI_HandleAPEvents	24	static
wifi.c:256:15:WIFI_Ping	24	static
wifi.c:273:15:WIFI_GetHostAddress	24	static
wifi.c:293:15:WIFI_OpenClientConnection	48	static
wifi.c:322:15:WIFI_CloseClientConnection	40	static
wifi.c:342:15:WIFI_StartServer	48	static
wifi.c:360:15:WIFI_StopServer	24	static
wifi.c:376:15:WIFI_SendData	40	static
wifi.c:394:15:WIFI_ReceiveData	40	static
wifi.c:411:15:WIFI_SetOEMProperties	24	static
wifi.c:429:15:WIFI_ResetModule	16	static
wifi.c:444:15:WIFI_SetModuleDefault	16	static
wifi.c:461:15:WIFI_ModuleFirmwareUpdate	16	static
wifi.c:471:15:WIFI_GetModuleFwRevision	24	static
wifi.c:488:15:WIFI_GetModuleID	24	static
wifi.c:505:15:WIFI_GetModuleName	24	static
wifi.c:517:15:WIFI_GetCredentials	32	static
